npx :  ΓÜá Linting is 
disabled.
At line:1 char:1
+ npx next build --no-lint 
2>&1 > build_output.txt; 
type build_output.t ...
+ ~~~~~~~~~~~~~~~~~~~~~~~~~~
~~~~~~~~~~~~~~~~~~~~~~
    + CategoryInfo          
    : NotSpecified: ( ΓÜá   
  Linting is disabled.:St   
 ring) [], RemoteExcepti    
on
    + FullyQualifiedErrorId 
    : NativeCommandError
 
   Γû▓ Next.js 15.5.12
   - Environments: .env

   Creating an optimized production build ...
 Γ£ô Compiled successfully in 12.7s
   Checking validity of types ...
   Collecting page data ...
   Generating static pages (0/11) ...
   Generating static pages (2/11) 
   Generating static pages (5/11) 
   Generating static pages (8/11) 
 Γ£ô Generating static pages (11/11)
   Finalizing page optimization ...
   Collecting build traces ...

Route (app)                                 Size  First Load JS
Γöî Γùï /                                    1.63 MB        1.73 MB
Γö£ Γùï /_not-found                             1 kB         104 kB
Γö£ Γùï /admin                                100 kB         203 kB
Γö£ ╞Æ /api/admin/abstract-review             148 B         103 kB
Γö£ ╞Æ /api/admin/checkin                     148 B         103 kB
Γö£ ╞Æ /api/admin/event-status                148 B         103 kB
Γö£ ╞Æ /api/admin/login                       148 B         103 kB
Γö£ ╞Æ /api/admin/me                          148 B         103 kB
Γö£ ╞Æ /api/admin/payment-status              148 B         103 kB
Γö£ ╞Æ /api/admin/registrations               148 B         103 kB
Γö£ ╞Æ /api/admin/search                      148 B         103 kB
Γöö ╞Æ /api/register                          148 B         103 kB
+ First Load JS shared by all             103 kB
  Γö£ chunks/255-418c7d4b11486a3c.js       46.4 kB
  Γö£ chunks/4bd1b696-d445548da3b934de.js  54.3 kB
  Γöö other shared chunks (total)          2.02 kB


Γùï  (Static)   prerendered as static content
╞Æ  (Dynamic)  server-rendered on demand

